---
source: tests/ast/variables.rs
expression: "ast_from_code_str(r#\"a: f64 = 14.0f64\"#,\n    \"variables/should_assign_f64/default_with_type\")"
---
[
    Variable {
        var_type: F64,
        name: "a",
        value: LiteralF64(
            14.0,
        ),
        location: 0..0,
    },
]
