---
source: tests/ast/variables.rs
expression: "ast_from_code_str(r#\"a: i32 = 13i32\"#,\n    \"variables/should_assign_i32/with_type\")"
---
[
    Variable {
        var_type: I32,
        name: "a",
        value: LiteralI32(
            13,
        ),
        location: 0..0,
    },
]
